// Jest Snapshot v1, https://goo.gl/fbAQLP

exports[`Locale Selector Component render tests should render the locale selector component 1`] = `
<div
  class="MuiFormControl-root css-q8hpuo-MuiFormControl-root"
  data-testid="model-locale-select-field-dfdbbef3-ec63-44f4-9945-a757d9c81269"
>
  <div
    class="MuiStack-root css-ri2h3u-MuiStack-root"
  >
    <label
      class="MuiFormLabel-root MuiFormLabel-colorPrimary MuiFormLabel-filled Mui-required css-1k0yz6l-MuiFormLabel-root"
      data-testid="model-locale-label-dfdbbef3-ec63-44f4-9945-a757d9c81269"
      id="dfdbbef3-ec63-44f4-9945-a757d9c81269"
    >
      Select Model Locale
      <span
        aria-hidden="true"
        class="MuiFormLabel-asterisk css-1th3aq5-MuiFormLabel-asterisk"
      >
         
        *
      </span>
    </label>
    <div
      class="MuiInputBase-root MuiInput-root MuiInput-underline MuiInputBase-colorPrimary MuiInputBase-formControl  css-3sxds7-MuiInputBase-root-MuiInput-root-MuiSelect-root"
      data-testid="model-locale-input-dropdown-dfdbbef3-ec63-44f4-9945-a757d9c81269"
    >
      <div
        aria-expanded="false"
        aria-haspopup="listbox"
        aria-labelledby="dfdbbef3-ec63-44f4-9945-a757d9c81269"
        class="MuiSelect-select MuiSelect-standard MuiInputBase-input MuiInput-input css-wrly8k-MuiSelect-select-MuiInputBase-input-MuiInput-input"
        role="button"
        tabindex="0"
      >
        South Africa
           (
        ZA
        )
      </div>
      <input
        aria-hidden="true"
        aria-invalid="false"
        class="MuiSelect-nativeInput css-yf8vq0-MuiSelect-nativeInput"
        data-testid="model-locale-input-dfdbbef3-ec63-44f4-9945-a757d9c81269"
        tabindex="-1"
        value="1"
      />
      <svg
        aria-hidden="true"
        class="MuiSvgIcon-root MuiSvgIcon-fontSizeMedium MuiSelect-icon MuiSelect-iconStandard css-b9pvgf-MuiSvgIcon-root-MuiSelect-icon"
        data-testid="ArrowDropDownIcon"
        focusable="false"
        viewBox="0 0 24 24"
      >
        <path
          d="M7 10l5 5 5-5z"
        />
      </svg>
    </div>
  </div>
</div>
`;
