// Jest Snapshot v1, https://goo.gl/fbAQLP

exports[`dark theme mode call fixedSpacing function (non-responsive) 1`] = `"16px"`;

exports[`dark theme mode call responsiveBorderRounding function (responsive) 1`] = `"calc(clamp(2px, (2vh + -8px + 1.5vw + -10px)/2 , 8px) * 2)"`;

exports[`dark theme mode call responsiveBorderRounding function with 'full' rounding (responsive) 1`] = `"50%"`;

exports[`dark theme mode call rounding function (non-responsive) 1`] = `"16px"`;

exports[`dark theme mode call rounding function with 'full' rounding (non-responsive) 1`] = `"50%"`;

exports[`dark theme mode call spacing function (responsive) 1`] = `"calc(clamp(2px, (2vh + -8px + 1.5vw + -10px)/2 , 8px) * 2)"`;

exports[`dark theme mode should return the dark theme 1`] = `
Object {
  "applyStyles": [Function],
  "breakpoints": Object {
    "between": [Function],
    "down": [Function],
    "keys": Array [
      "xs",
      "sm",
      "md",
      "lg",
      "xl",
    ],
    "not": [Function],
    "only": [Function],
    "unit": "px",
    "up": [Function],
    "values": Object {
      "lg": 1200,
      "md": 900,
      "sm": 600,
      "xl": 1536,
      "xs": 0,
    },
  },
  "components": Object {
    "MuiChip": Object {
      "styleOverrides": Object {
        "colorSecondary": Object {
          "justifyContent": "flex-start",
          "maxWidth": "250px",
          "overflow": "hidden",
          "textOverflow": "ellipsis",
          "textTransform": "none",
          "whiteSpace": "nowrap",
        },
        "root": Object {
          "fontSize": "clamp(0.75rem, (1.33vh + 0.33rem + 1vw + 0.25rem)/2 , 1rem)",
        },
      },
    },
    "MuiDialogTitle": Object {
      "defaultProps": Object {
        "variant": "h2",
      },
    },
    "MuiFormLabel": Object {
      "styleOverrides": Object {
        "asterisk": Object {
          "color": "#FF5449",
        },
      },
    },
    "MuiIcon": Object {
      "styleOverrides": Object {
        "fontSizeLarge": Object {
          "fontSize": "2.5rem",
        },
        "fontSizeMedium": Object {
          "fontSize": "1.5rem",
        },
        "fontSizeSmall": Object {
          "fontSize": "1rem",
        },
        "root": Object {
          "fontSize": "1.5rem",
        },
      },
    },
    "MuiInput": Object {
      "styleOverrides": Object {
        "input": Object {
          "::placeholder": Object {
            "color": "#43474E",
          },
        },
      },
    },
    "MuiSvgIcon": Object {
      "styleOverrides": Object {
        "fontSizeLarge": Object {
          "fontSize": "2.5rem",
        },
        "fontSizeMedium": Object {
          "fontSize": "1.5rem",
        },
        "fontSizeSmall": Object {
          "fontSize": "1rem",
        },
        "root": Object {
          "fontSize": "1.5rem",
        },
      },
    },
    "MuiTableHead": Object {
      "defaultProps": Object {
        "style": Object {
          "background": "#F3F1EE",
        },
      },
    },
  },
  "direction": "ltr",
  "fixedSpacing": [Function],
  "mixins": Object {
    "toolbar": Object {
      "@media (min-width:0px)": Object {
        "@media (orientation: landscape)": Object {
          "minHeight": 48,
        },
      },
      "@media (min-width:600px)": Object {
        "minHeight": 64,
      },
      "minHeight": 56,
    },
  },
  "palette": Object {
    "action": Object {
      "activatedOpacity": 0.12,
      "active": "rgba(0, 0, 0, 0.54)",
      "disabled": "rgba(0, 0, 0, 0.26)",
      "disabledBackground": "rgba(0, 0, 0, 0.12)",
      "disabledOpacity": 0.38,
      "focus": "rgba(0, 0, 0, 0.12)",
      "focusOpacity": 0.12,
      "hover": "rgba(0, 0, 0, 0.04)",
      "hoverOpacity": 0.04,
      "selected": "rgba(0, 0, 0, 0.08)",
      "selectedOpacity": 0.08,
    },
    "augmentColor": [Function],
    "background": Object {
      "default": "#fff",
      "paper": "#fff",
    },
    "common": Object {
      "black": "#000000",
      "white": "#ffffff",
    },
    "containerBackground": Object {
      "contrastText": "#43474E",
      "dark": "#DFDDD9",
      "light": "#FFFFFF",
      "main": "#F3F1EE",
    },
    "contrastThreshold": 4.5,
    "divider": "rgba(0, 0, 0, 0.12)",
    "error": Object {
      "contrastText": "rgba(0, 0, 0, 0.87)",
      "dark": "#690005",
      "light": "#FFEDEA",
      "main": "#FF5449",
    },
    "getContrastText": [Function],
    "grey": Object {
      "100": "#F3F1EE",
      "200": "#EDEBE8",
      "300": "#DFDDD9",
      "400": "#BBB9B5",
      "50": "#F8F6F3",
      "500": "#9D9B98",
      "600": "#74726F",
      "700": "#605E5B",
      "800": "#41403D",
      "900": "#211F1D",
      "A100": "#F0F3EE",
      "A200": "#D9F5D3",
      "A400": "#C6F7A4",
      "A700": "#CAF09D",
    },
    "info": Object {
      "contrastText": "rgba(0, 0, 0, 0.87)",
      "dark": "#003662",
      "light": "#CAF5FF",
      "main": "#4FC3F7",
    },
    "mode": "light",
    "primary": Object {
      "contrastText": "#fff",
      "dark": "rgb(0, 23, 49)",
      "light": "rgb(51, 77, 107)",
      "main": "#002147",
    },
    "secondary": Object {
      "contrastText": "#fff",
      "dark": "rgb(26, 65, 116)",
      "light": "rgb(81, 126, 184)",
      "main": "#265EA7",
    },
    "success": Object {
      "contrastText": "rgba(0, 0, 0, 0.87)",
      "dark": "#1D6023",
      "light": "#E8F5E9",
      "main": "#6BF0AE",
    },
    "tabiyaGreen": Object {
      "contrastText": "rgba(0, 0, 0, 0.87)",
      "dark": "rgb(0, 178, 101)",
      "light": "rgb(51, 255, 167)",
      "main": "#00FF91",
    },
    "tabiyaYellow": Object {
      "contrastText": "rgba(0, 0, 0, 0.87)",
      "dark": "rgb(166, 178, 45)",
      "light": "rgb(241, 255, 103)",
      "main": "#EEFF41",
    },
    "text": Object {
      "disabled": "#E0E2EC",
      "primary": "#002147",
      "secondary": "#43474E",
      "textAccent": "#265EA7",
      "textBlack": "#000000",
      "textWhite": "#FFFFFF",
    },
    "tonalOffset": 0.2,
    "warning": Object {
      "contrastText": "#43474E",
      "dark": "#B84204",
      "light": "#FFF3E0",
      "main": "#FDAB40",
    },
  },
  "responsiveBorderRounding": [Function],
  "rounding": [Function],
  "shadows": Array [
    "none",
    "0px 2px 1px -1px rgba(0,0,0,0.2),0px 1px 1px 0px rgba(0,0,0,0.14),0px 1px 3px 0px rgba(0,0,0,0.12)",
    "0px 3px 1px -2px rgba(0,0,0,0.2),0px 2px 2px 0px rgba(0,0,0,0.14),0px 1px 5px 0px rgba(0,0,0,0.12)",
    "0px 3px 3px -2px rgba(0,0,0,0.2),0px 3px 4px 0px rgba(0,0,0,0.14),0px 1px 8px 0px rgba(0,0,0,0.12)",
    "0px 2px 4px -1px rgba(0,0,0,0.2),0px 4px 5px 0px rgba(0,0,0,0.14),0px 1px 10px 0px rgba(0,0,0,0.12)",
    "0px 3px 5px -1px rgba(0,0,0,0.2),0px 5px 8px 0px rgba(0,0,0,0.14),0px 1px 14px 0px rgba(0,0,0,0.12)",
    "0px 3px 5px -1px rgba(0,0,0,0.2),0px 6px 10px 0px rgba(0,0,0,0.14),0px 1px 18px 0px rgba(0,0,0,0.12)",
    "0px 4px 5px -2px rgba(0,0,0,0.2),0px 7px 10px 1px rgba(0,0,0,0.14),0px 2px 16px 1px rgba(0,0,0,0.12)",
    "0px 5px 5px -3px rgba(0,0,0,0.2),0px 8px 10px 1px rgba(0,0,0,0.14),0px 3px 14px 2px rgba(0,0,0,0.12)",
    "0px 5px 6px -3px rgba(0,0,0,0.2),0px 9px 12px 1px rgba(0,0,0,0.14),0px 3px 16px 2px rgba(0,0,0,0.12)",
    "0px 6px 6px -3px rgba(0,0,0,0.2),0px 10px 14px 1px rgba(0,0,0,0.14),0px 4px 18px 3px rgba(0,0,0,0.12)",
    "0px 6px 7px -4px rgba(0,0,0,0.2),0px 11px 15px 1px rgba(0,0,0,0.14),0px 4px 20px 3px rgba(0,0,0,0.12)",
    "0px 7px 8px -4px rgba(0,0,0,0.2),0px 12px 17px 2px rgba(0,0,0,0.14),0px 5px 22px 4px rgba(0,0,0,0.12)",
    "0px 7px 8px -4px rgba(0,0,0,0.2),0px 13px 19px 2px rgba(0,0,0,0.14),0px 5px 24px 4px rgba(0,0,0,0.12)",
    "0px 7px 9px -4px rgba(0,0,0,0.2),0px 14px 21px 2px rgba(0,0,0,0.14),0px 5px 26px 4px rgba(0,0,0,0.12)",
    "0px 8px 9px -5px rgba(0,0,0,0.2),0px 15px 22px 2px rgba(0,0,0,0.14),0px 6px 28px 5px rgba(0,0,0,0.12)",
    "0px 8px 10px -5px rgba(0,0,0,0.2),0px 16px 24px 2px rgba(0,0,0,0.14),0px 6px 30px 5px rgba(0,0,0,0.12)",
    "0px 8px 11px -5px rgba(0,0,0,0.2),0px 17px 26px 2px rgba(0,0,0,0.14),0px 6px 32px 5px rgba(0,0,0,0.12)",
    "0px 9px 11px -5px rgba(0,0,0,0.2),0px 18px 28px 2px rgba(0,0,0,0.14),0px 7px 34px 6px rgba(0,0,0,0.12)",
    "0px 9px 12px -6px rgba(0,0,0,0.2),0px 19px 29px 2px rgba(0,0,0,0.14),0px 7px 36px 6px rgba(0,0,0,0.12)",
    "0px 10px 13px -6px rgba(0,0,0,0.2),0px 20px 31px 3px rgba(0,0,0,0.14),0px 8px 38px 7px rgba(0,0,0,0.12)",
    "0px 10px 13px -6px rgba(0,0,0,0.2),0px 21px 33px 3px rgba(0,0,0,0.14),0px 8px 40px 7px rgba(0,0,0,0.12)",
    "0px 10px 14px -6px rgba(0,0,0,0.2),0px 22px 35px 3px rgba(0,0,0,0.14),0px 8px 42px 7px rgba(0,0,0,0.12)",
    "0px 11px 14px -7px rgba(0,0,0,0.2),0px 23px 36px 3px rgba(0,0,0,0.14),0px 9px 44px 8px rgba(0,0,0,0.12)",
    "0px 11px 15px -7px rgba(0,0,0,0.2),0px 24px 38px 3px rgba(0,0,0,0.14),0px 9px 46px 8px rgba(0,0,0,0.12)",
  ],
  "shape": Object {
    "borderRadius": 8,
  },
  "spacing": [Function],
  "tabiyaRounding": Object {
    "full": "50%",
    "lg": 3,
    "md": 2,
    "none": 0,
    "sm": 1,
    "xl": 4,
    "xs": 0.5,
  },
  "tabiyaSpacing": Object {
    "lg": 3,
    "md": 2,
    "none": 0,
    "sm": 1,
    "xl": 4,
    "xs": 0.5,
  },
  "transitions": Object {
    "create": [Function],
    "duration": Object {
      "complex": 375,
      "enteringScreen": 225,
      "leavingScreen": 195,
      "short": 250,
      "shorter": 200,
      "shortest": 150,
      "standard": 300,
    },
    "easing": Object {
      "easeIn": "cubic-bezier(0.4, 0, 1, 1)",
      "easeInOut": "cubic-bezier(0.4, 0, 0.2, 1)",
      "easeOut": "cubic-bezier(0.0, 0, 0.2, 1)",
      "sharp": "cubic-bezier(0.4, 0, 0.6, 1)",
    },
    "getAutoHeightDuration": [Function],
  },
  "typography": Object {
    "body1": Object {
      "color": "#43474E",
      "fontFamily": "Inter",
      "fontSize": "clamp(0.75rem, (1.33vh + 0.33rem + 1vw + 0.25rem)/2 , 1rem)",
      "fontWeight": "400",
      "lineHeight": 1.5,
    },
    "body2": Object {
      "color": "#43474E",
      "fontFamily": "Inter",
      "fontSize": "clamp(0.5rem, (2vh + -0.12rem + 1.5vw + -0.25rem)/2 , 0.875rem)",
      "fontWeight": "400",
      "lineHeight": 1.43,
    },
    "button": Object {
      "color": "#002147",
      "fontFamily": "Inter",
      "fontSize": "clamp(0.75rem, (1.33vh + 0.33rem + 1vw + 0.25rem)/2 , 1rem)",
      "fontWeight": "500",
      "lineHeight": 1.75,
      "textTransform": "none",
    },
    "caption": Object {
      "fontFamily": "Inter",
      "fontSize": "clamp(0.5rem, (1.33vh + 0.08rem + 1vw + 0rem)/2 , 0.75rem)",
      "fontWeight": "400",
      "lineHeight": 1.66,
    },
    "fontFamily": "Inter, sans-serif",
    "fontSize": 16,
    "fontWeightBold": 700,
    "fontWeightLight": 300,
    "fontWeightMedium": 500,
    "fontWeightRegular": 400,
    "h1": Object {
      "color": "#002147",
      "fontFamily": "IBM Plex Mono",
      "fontSize": "clamp(1.3rem, (3.73vh + 0.13rem + 2.8vw + -0.1rem)/2 , 2rem)",
      "fontWeight": "700",
      "lineHeight": 1.167,
    },
    "h2": Object {
      "color": "#002147",
      "fontFamily": "IBM Plex Mono",
      "fontSize": "clamp(1.25rem, (3.2vh + 0.25rem + 2.4vw + 0.05rem)/2 , 1.85rem)",
      "fontWeight": "700",
      "lineHeight": 1.2,
    },
    "h3": Object {
      "color": "#002147",
      "fontFamily": "IBM Plex Mono",
      "fontSize": "clamp(1.2rem, (2.67vh + 0.37rem + 2vw + 0.2rem)/2 , 1.7rem)",
      "fontWeight": "700",
      "lineHeight": 1.167,
    },
    "h4": Object {
      "color": "#002147",
      "fontFamily": "IBM Plex Mono",
      "fontSize": "clamp(1.15rem, (2.13vh + 0.48rem + 1.6vw + 0.35rem)/2 , 1.55rem)",
      "fontWeight": "700",
      "lineHeight": 1.235,
    },
    "h5": Object {
      "color": "#002147",
      "fontFamily": "IBM Plex Mono",
      "fontSize": "clamp(1.1rem, (1.6vh + 0.6rem + 1.2vw + 0.5rem)/2 , 1.4rem)",
      "fontWeight": "700",
      "lineHeight": 1.334,
    },
    "h6": Object {
      "color": "#002147",
      "fontFamily": "IBM Plex Mono",
      "fontSize": "clamp(1rem, (1.33vh + 0.58rem + 1vw + 0.5rem)/2 , 1.25rem)",
      "fontWeight": "700",
      "lineHeight": 1.6,
    },
    "htmlFontSize": 16,
    "inherit": Object {
      "fontFamily": "inherit",
      "fontSize": "inherit",
      "fontWeight": "inherit",
      "letterSpacing": "inherit",
      "lineHeight": "inherit",
    },
    "overline": Object {
      "fontFamily": "Inter",
      "fontSize": "clamp(0.5rem, (1.33vh + 0.08rem + 1vw + 0rem)/2 , 0.75rem)",
      "fontWeight": "400",
      "lineHeight": 2.66,
      "textTransform": "uppercase",
    },
    "pxToRem": [Function],
    "subtitle1": Object {
      "color": "#265EA7",
      "fontFamily": "Inter",
      "fontSize": "clamp(0.75rem, (1.33vh + 0.33rem + 1vw + 0.25rem)/2 , 1rem)",
      "fontWeight": "500",
      "lineHeight": 1.75,
    },
    "subtitle2": Object {
      "color": "#265EA7",
      "fontFamily": "Inter",
      "fontSize": "clamp(0.5rem, (2vh + -0.12rem + 1.5vw + -0.25rem)/2 , 0.875rem)",
      "fontWeight": "500",
      "lineHeight": 1.57,
    },
  },
  "unstable_sx": [Function],
  "unstable_sxConfig": Object {
    "alignContent": Object {},
    "alignItems": Object {},
    "alignSelf": Object {},
    "backgroundColor": Object {
      "themeKey": "palette",
      "transform": [Function],
    },
    "bgcolor": Object {
      "cssProperty": "backgroundColor",
      "themeKey": "palette",
      "transform": [Function],
    },
    "border": Object {
      "themeKey": "borders",
      "transform": [Function],
    },
    "borderBottom": Object {
      "themeKey": "borders",
      "transform": [Function],
    },
    "borderBottomColor": Object {
      "themeKey": "palette",
    },
    "borderColor": Object {
      "themeKey": "palette",
    },
    "borderLeft": Object {
      "themeKey": "borders",
      "transform": [Function],
    },
    "borderLeftColor": Object {
      "themeKey": "palette",
    },
    "borderRadius": Object {
      "style": [Function],
      "themeKey": "shape.borderRadius",
    },
    "borderRight": Object {
      "themeKey": "borders",
      "transform": [Function],
    },
    "borderRightColor": Object {
      "themeKey": "palette",
    },
    "borderTop": Object {
      "themeKey": "borders",
      "transform": [Function],
    },
    "borderTopColor": Object {
      "themeKey": "palette",
    },
    "bottom": Object {},
    "boxShadow": Object {
      "themeKey": "shadows",
    },
    "boxSizing": Object {},
    "color": Object {
      "themeKey": "palette",
      "transform": [Function],
    },
    "columnGap": Object {
      "style": [Function],
    },
    "display": Object {},
    "displayPrint": Object {
      "cssProperty": false,
      "transform": [Function],
    },
    "flex": Object {},
    "flexBasis": Object {},
    "flexDirection": Object {},
    "flexGrow": Object {},
    "flexShrink": Object {},
    "flexWrap": Object {},
    "fontFamily": Object {
      "themeKey": "typography",
    },
    "fontSize": Object {
      "themeKey": "typography",
    },
    "fontStyle": Object {
      "themeKey": "typography",
    },
    "fontWeight": Object {
      "themeKey": "typography",
    },
    "gap": Object {
      "style": [Function],
    },
    "gridArea": Object {},
    "gridAutoColumns": Object {},
    "gridAutoFlow": Object {},
    "gridAutoRows": Object {},
    "gridColumn": Object {},
    "gridRow": Object {},
    "gridTemplateAreas": Object {},
    "gridTemplateColumns": Object {},
    "gridTemplateRows": Object {},
    "height": Object {
      "transform": [Function],
    },
    "justifyContent": Object {},
    "justifyItems": Object {},
    "justifySelf": Object {},
    "left": Object {},
    "letterSpacing": Object {},
    "lineHeight": Object {},
    "m": Object {
      "style": [Function],
    },
    "margin": Object {
      "style": [Function],
    },
    "marginBlock": Object {
      "style": [Function],
    },
    "marginBlockEnd": Object {
      "style": [Function],
    },
    "marginBlockStart": Object {
      "style": [Function],
    },
    "marginBottom": Object {
      "style": [Function],
    },
    "marginInline": Object {
      "style": [Function],
    },
    "marginInlineEnd": Object {
      "style": [Function],
    },
    "marginInlineStart": Object {
      "style": [Function],
    },
    "marginLeft": Object {
      "style": [Function],
    },
    "marginRight": Object {
      "style": [Function],
    },
    "marginTop": Object {
      "style": [Function],
    },
    "marginX": Object {
      "style": [Function],
    },
    "marginY": Object {
      "style": [Function],
    },
    "maxHeight": Object {
      "transform": [Function],
    },
    "maxWidth": Object {
      "style": [Function],
    },
    "mb": Object {
      "style": [Function],
    },
    "minHeight": Object {
      "transform": [Function],
    },
    "minWidth": Object {
      "transform": [Function],
    },
    "ml": Object {
      "style": [Function],
    },
    "mr": Object {
      "style": [Function],
    },
    "mt": Object {
      "style": [Function],
    },
    "mx": Object {
      "style": [Function],
    },
    "my": Object {
      "style": [Function],
    },
    "order": Object {},
    "outline": Object {
      "themeKey": "borders",
      "transform": [Function],
    },
    "outlineColor": Object {
      "themeKey": "palette",
    },
    "overflow": Object {},
    "p": Object {
      "style": [Function],
    },
    "padding": Object {
      "style": [Function],
    },
    "paddingBlock": Object {
      "style": [Function],
    },
    "paddingBlockEnd": Object {
      "style": [Function],
    },
    "paddingBlockStart": Object {
      "style": [Function],
    },
    "paddingBottom": Object {
      "style": [Function],
    },
    "paddingInline": Object {
      "style": [Function],
    },
    "paddingInlineEnd": Object {
      "style": [Function],
    },
    "paddingInlineStart": Object {
      "style": [Function],
    },
    "paddingLeft": Object {
      "style": [Function],
    },
    "paddingRight": Object {
      "style": [Function],
    },
    "paddingTop": Object {
      "style": [Function],
    },
    "paddingX": Object {
      "style": [Function],
    },
    "paddingY": Object {
      "style": [Function],
    },
    "pb": Object {
      "style": [Function],
    },
    "pl": Object {
      "style": [Function],
    },
    "position": Object {},
    "pr": Object {
      "style": [Function],
    },
    "pt": Object {
      "style": [Function],
    },
    "px": Object {
      "style": [Function],
    },
    "py": Object {
      "style": [Function],
    },
    "right": Object {},
    "rowGap": Object {
      "style": [Function],
    },
    "textAlign": Object {},
    "textOverflow": Object {},
    "textTransform": Object {},
    "top": Object {},
    "typography": Object {
      "cssProperty": false,
      "themeKey": "typography",
    },
    "visibility": Object {},
    "whiteSpace": Object {},
    "width": Object {
      "transform": [Function],
    },
    "zIndex": Object {
      "themeKey": "zIndex",
    },
  },
  "zIndex": Object {
    "appBar": 1100,
    "drawer": 1200,
    "fab": 1050,
    "mobileStepper": 1000,
    "modal": 1300,
    "snackbar": 1400,
    "speedDial": 1050,
    "tooltip": 1500,
  },
}
`;

exports[`light theme mode call fixedSpacing function (non-responsive) 1`] = `"16px"`;

exports[`light theme mode call responsiveBorderRounding function (responsive) 1`] = `"calc(clamp(2px, (2vh + -8px + 1.5vw + -10px)/2 , 8px) * 2)"`;

exports[`light theme mode call responsiveBorderRounding function with 'full' rounding (responsive) 1`] = `"50%"`;

exports[`light theme mode call rounding function (non-responsive) 1`] = `"16px"`;

exports[`light theme mode call rounding function with 'full' rounding (non-responsive) 1`] = `"50%"`;

exports[`light theme mode call spacing function (responsive) 1`] = `"calc(clamp(2px, (2vh + -8px + 1.5vw + -10px)/2 , 8px) * 2)"`;

exports[`light theme mode should return the light theme 1`] = `
Object {
  "applyStyles": [Function],
  "breakpoints": Object {
    "between": [Function],
    "down": [Function],
    "keys": Array [
      "xs",
      "sm",
      "md",
      "lg",
      "xl",
    ],
    "not": [Function],
    "only": [Function],
    "unit": "px",
    "up": [Function],
    "values": Object {
      "lg": 1200,
      "md": 900,
      "sm": 600,
      "xl": 1536,
      "xs": 0,
    },
  },
  "components": Object {
    "MuiChip": Object {
      "styleOverrides": Object {
        "colorSecondary": Object {
          "justifyContent": "flex-start",
          "maxWidth": "250px",
          "overflow": "hidden",
          "textOverflow": "ellipsis",
          "textTransform": "none",
          "whiteSpace": "nowrap",
        },
        "root": Object {
          "fontSize": "clamp(0.75rem, (1.33vh + 0.33rem + 1vw + 0.25rem)/2 , 1rem)",
        },
      },
    },
    "MuiDialogTitle": Object {
      "defaultProps": Object {
        "variant": "h2",
      },
    },
    "MuiFormLabel": Object {
      "styleOverrides": Object {
        "asterisk": Object {
          "color": "#FF5449",
        },
      },
    },
    "MuiIcon": Object {
      "styleOverrides": Object {
        "fontSizeLarge": Object {
          "fontSize": "2.5rem",
        },
        "fontSizeMedium": Object {
          "fontSize": "1.5rem",
        },
        "fontSizeSmall": Object {
          "fontSize": "1rem",
        },
        "root": Object {
          "fontSize": "1.5rem",
        },
      },
    },
    "MuiInput": Object {
      "styleOverrides": Object {
        "input": Object {
          "::placeholder": Object {
            "color": "#43474E",
          },
        },
      },
    },
    "MuiSvgIcon": Object {
      "styleOverrides": Object {
        "fontSizeLarge": Object {
          "fontSize": "2.5rem",
        },
        "fontSizeMedium": Object {
          "fontSize": "1.5rem",
        },
        "fontSizeSmall": Object {
          "fontSize": "1rem",
        },
        "root": Object {
          "fontSize": "1.5rem",
        },
      },
    },
    "MuiTableHead": Object {
      "defaultProps": Object {
        "style": Object {
          "background": "#F3F1EE",
        },
      },
    },
  },
  "direction": "ltr",
  "fixedSpacing": [Function],
  "mixins": Object {
    "toolbar": Object {
      "@media (min-width:0px)": Object {
        "@media (orientation: landscape)": Object {
          "minHeight": 48,
        },
      },
      "@media (min-width:600px)": Object {
        "minHeight": 64,
      },
      "minHeight": 56,
    },
  },
  "palette": Object {
    "action": Object {
      "activatedOpacity": 0.12,
      "active": "rgba(0, 0, 0, 0.54)",
      "disabled": "rgba(0, 0, 0, 0.26)",
      "disabledBackground": "rgba(0, 0, 0, 0.12)",
      "disabledOpacity": 0.38,
      "focus": "rgba(0, 0, 0, 0.12)",
      "focusOpacity": 0.12,
      "hover": "rgba(0, 0, 0, 0.04)",
      "hoverOpacity": 0.04,
      "selected": "rgba(0, 0, 0, 0.08)",
      "selectedOpacity": 0.08,
    },
    "augmentColor": [Function],
    "background": Object {
      "default": "#fff",
      "paper": "#fff",
    },
    "common": Object {
      "black": "#000000",
      "white": "#ffffff",
    },
    "containerBackground": Object {
      "contrastText": "#43474E",
      "dark": "#DFDDD9",
      "light": "#FFFFFF",
      "main": "#F3F1EE",
    },
    "contrastThreshold": 4.5,
    "divider": "rgba(0, 0, 0, 0.12)",
    "error": Object {
      "contrastText": "rgba(0, 0, 0, 0.87)",
      "dark": "#690005",
      "light": "#FFEDEA",
      "main": "#FF5449",
    },
    "getContrastText": [Function],
    "grey": Object {
      "100": "#F3F1EE",
      "200": "#EDEBE8",
      "300": "#DFDDD9",
      "400": "#BBB9B5",
      "50": "#F8F6F3",
      "500": "#9D9B98",
      "600": "#74726F",
      "700": "#605E5B",
      "800": "#41403D",
      "900": "#211F1D",
      "A100": "#F0F3EE",
      "A200": "#D9F5D3",
      "A400": "#C6F7A4",
      "A700": "#CAF09D",
    },
    "info": Object {
      "contrastText": "rgba(0, 0, 0, 0.87)",
      "dark": "#003662",
      "light": "#CAF5FF",
      "main": "#4FC3F7",
    },
    "mode": "light",
    "primary": Object {
      "contrastText": "#fff",
      "dark": "rgb(0, 23, 49)",
      "light": "rgb(51, 77, 107)",
      "main": "#002147",
    },
    "secondary": Object {
      "contrastText": "#fff",
      "dark": "rgb(26, 65, 116)",
      "light": "rgb(81, 126, 184)",
      "main": "#265EA7",
    },
    "success": Object {
      "contrastText": "rgba(0, 0, 0, 0.87)",
      "dark": "#1D6023",
      "light": "#E8F5E9",
      "main": "#6BF0AE",
    },
    "tabiyaGreen": Object {
      "contrastText": "rgba(0, 0, 0, 0.87)",
      "dark": "rgb(0, 178, 101)",
      "light": "rgb(51, 255, 167)",
      "main": "#00FF91",
    },
    "tabiyaYellow": Object {
      "contrastText": "rgba(0, 0, 0, 0.87)",
      "dark": "rgb(166, 178, 45)",
      "light": "rgb(241, 255, 103)",
      "main": "#EEFF41",
    },
    "text": Object {
      "disabled": "#E0E2EC",
      "primary": "#002147",
      "secondary": "#43474E",
      "textAccent": "#265EA7",
      "textBlack": "#000000",
      "textWhite": "#FFFFFF",
    },
    "tonalOffset": 0.2,
    "warning": Object {
      "contrastText": "#43474E",
      "dark": "#B84204",
      "light": "#FFF3E0",
      "main": "#FDAB40",
    },
  },
  "responsiveBorderRounding": [Function],
  "rounding": [Function],
  "shadows": Array [
    "none",
    "0px 2px 1px -1px rgba(0,0,0,0.2),0px 1px 1px 0px rgba(0,0,0,0.14),0px 1px 3px 0px rgba(0,0,0,0.12)",
    "0px 3px 1px -2px rgba(0,0,0,0.2),0px 2px 2px 0px rgba(0,0,0,0.14),0px 1px 5px 0px rgba(0,0,0,0.12)",
    "0px 3px 3px -2px rgba(0,0,0,0.2),0px 3px 4px 0px rgba(0,0,0,0.14),0px 1px 8px 0px rgba(0,0,0,0.12)",
    "0px 2px 4px -1px rgba(0,0,0,0.2),0px 4px 5px 0px rgba(0,0,0,0.14),0px 1px 10px 0px rgba(0,0,0,0.12)",
    "0px 3px 5px -1px rgba(0,0,0,0.2),0px 5px 8px 0px rgba(0,0,0,0.14),0px 1px 14px 0px rgba(0,0,0,0.12)",
    "0px 3px 5px -1px rgba(0,0,0,0.2),0px 6px 10px 0px rgba(0,0,0,0.14),0px 1px 18px 0px rgba(0,0,0,0.12)",
    "0px 4px 5px -2px rgba(0,0,0,0.2),0px 7px 10px 1px rgba(0,0,0,0.14),0px 2px 16px 1px rgba(0,0,0,0.12)",
    "0px 5px 5px -3px rgba(0,0,0,0.2),0px 8px 10px 1px rgba(0,0,0,0.14),0px 3px 14px 2px rgba(0,0,0,0.12)",
    "0px 5px 6px -3px rgba(0,0,0,0.2),0px 9px 12px 1px rgba(0,0,0,0.14),0px 3px 16px 2px rgba(0,0,0,0.12)",
    "0px 6px 6px -3px rgba(0,0,0,0.2),0px 10px 14px 1px rgba(0,0,0,0.14),0px 4px 18px 3px rgba(0,0,0,0.12)",
    "0px 6px 7px -4px rgba(0,0,0,0.2),0px 11px 15px 1px rgba(0,0,0,0.14),0px 4px 20px 3px rgba(0,0,0,0.12)",
    "0px 7px 8px -4px rgba(0,0,0,0.2),0px 12px 17px 2px rgba(0,0,0,0.14),0px 5px 22px 4px rgba(0,0,0,0.12)",
    "0px 7px 8px -4px rgba(0,0,0,0.2),0px 13px 19px 2px rgba(0,0,0,0.14),0px 5px 24px 4px rgba(0,0,0,0.12)",
    "0px 7px 9px -4px rgba(0,0,0,0.2),0px 14px 21px 2px rgba(0,0,0,0.14),0px 5px 26px 4px rgba(0,0,0,0.12)",
    "0px 8px 9px -5px rgba(0,0,0,0.2),0px 15px 22px 2px rgba(0,0,0,0.14),0px 6px 28px 5px rgba(0,0,0,0.12)",
    "0px 8px 10px -5px rgba(0,0,0,0.2),0px 16px 24px 2px rgba(0,0,0,0.14),0px 6px 30px 5px rgba(0,0,0,0.12)",
    "0px 8px 11px -5px rgba(0,0,0,0.2),0px 17px 26px 2px rgba(0,0,0,0.14),0px 6px 32px 5px rgba(0,0,0,0.12)",
    "0px 9px 11px -5px rgba(0,0,0,0.2),0px 18px 28px 2px rgba(0,0,0,0.14),0px 7px 34px 6px rgba(0,0,0,0.12)",
    "0px 9px 12px -6px rgba(0,0,0,0.2),0px 19px 29px 2px rgba(0,0,0,0.14),0px 7px 36px 6px rgba(0,0,0,0.12)",
    "0px 10px 13px -6px rgba(0,0,0,0.2),0px 20px 31px 3px rgba(0,0,0,0.14),0px 8px 38px 7px rgba(0,0,0,0.12)",
    "0px 10px 13px -6px rgba(0,0,0,0.2),0px 21px 33px 3px rgba(0,0,0,0.14),0px 8px 40px 7px rgba(0,0,0,0.12)",
    "0px 10px 14px -6px rgba(0,0,0,0.2),0px 22px 35px 3px rgba(0,0,0,0.14),0px 8px 42px 7px rgba(0,0,0,0.12)",
    "0px 11px 14px -7px rgba(0,0,0,0.2),0px 23px 36px 3px rgba(0,0,0,0.14),0px 9px 44px 8px rgba(0,0,0,0.12)",
    "0px 11px 15px -7px rgba(0,0,0,0.2),0px 24px 38px 3px rgba(0,0,0,0.14),0px 9px 46px 8px rgba(0,0,0,0.12)",
  ],
  "shape": Object {
    "borderRadius": 8,
  },
  "spacing": [Function],
  "tabiyaRounding": Object {
    "full": "50%",
    "lg": 3,
    "md": 2,
    "none": 0,
    "sm": 1,
    "xl": 4,
    "xs": 0.5,
  },
  "tabiyaSpacing": Object {
    "lg": 3,
    "md": 2,
    "none": 0,
    "sm": 1,
    "xl": 4,
    "xs": 0.5,
  },
  "transitions": Object {
    "create": [Function],
    "duration": Object {
      "complex": 375,
      "enteringScreen": 225,
      "leavingScreen": 195,
      "short": 250,
      "shorter": 200,
      "shortest": 150,
      "standard": 300,
    },
    "easing": Object {
      "easeIn": "cubic-bezier(0.4, 0, 1, 1)",
      "easeInOut": "cubic-bezier(0.4, 0, 0.2, 1)",
      "easeOut": "cubic-bezier(0.0, 0, 0.2, 1)",
      "sharp": "cubic-bezier(0.4, 0, 0.6, 1)",
    },
    "getAutoHeightDuration": [Function],
  },
  "typography": Object {
    "body1": Object {
      "color": "#43474E",
      "fontFamily": "Inter",
      "fontSize": "clamp(0.75rem, (1.33vh + 0.33rem + 1vw + 0.25rem)/2 , 1rem)",
      "fontWeight": "400",
      "lineHeight": 1.5,
    },
    "body2": Object {
      "color": "#43474E",
      "fontFamily": "Inter",
      "fontSize": "clamp(0.5rem, (2vh + -0.12rem + 1.5vw + -0.25rem)/2 , 0.875rem)",
      "fontWeight": "400",
      "lineHeight": 1.43,
    },
    "button": Object {
      "color": "#002147",
      "fontFamily": "Inter",
      "fontSize": "clamp(0.75rem, (1.33vh + 0.33rem + 1vw + 0.25rem)/2 , 1rem)",
      "fontWeight": "500",
      "lineHeight": 1.75,
      "textTransform": "none",
    },
    "caption": Object {
      "fontFamily": "Inter",
      "fontSize": "clamp(0.5rem, (1.33vh + 0.08rem + 1vw + 0rem)/2 , 0.75rem)",
      "fontWeight": "400",
      "lineHeight": 1.66,
    },
    "fontFamily": "Inter, sans-serif",
    "fontSize": 16,
    "fontWeightBold": 700,
    "fontWeightLight": 300,
    "fontWeightMedium": 500,
    "fontWeightRegular": 400,
    "h1": Object {
      "color": "#002147",
      "fontFamily": "IBM Plex Mono",
      "fontSize": "clamp(1.3rem, (3.73vh + 0.13rem + 2.8vw + -0.1rem)/2 , 2rem)",
      "fontWeight": "700",
      "lineHeight": 1.167,
    },
    "h2": Object {
      "color": "#002147",
      "fontFamily": "IBM Plex Mono",
      "fontSize": "clamp(1.25rem, (3.2vh + 0.25rem + 2.4vw + 0.05rem)/2 , 1.85rem)",
      "fontWeight": "700",
      "lineHeight": 1.2,
    },
    "h3": Object {
      "color": "#002147",
      "fontFamily": "IBM Plex Mono",
      "fontSize": "clamp(1.2rem, (2.67vh + 0.37rem + 2vw + 0.2rem)/2 , 1.7rem)",
      "fontWeight": "700",
      "lineHeight": 1.167,
    },
    "h4": Object {
      "color": "#002147",
      "fontFamily": "IBM Plex Mono",
      "fontSize": "clamp(1.15rem, (2.13vh + 0.48rem + 1.6vw + 0.35rem)/2 , 1.55rem)",
      "fontWeight": "700",
      "lineHeight": 1.235,
    },
    "h5": Object {
      "color": "#002147",
      "fontFamily": "IBM Plex Mono",
      "fontSize": "clamp(1.1rem, (1.6vh + 0.6rem + 1.2vw + 0.5rem)/2 , 1.4rem)",
      "fontWeight": "700",
      "lineHeight": 1.334,
    },
    "h6": Object {
      "color": "#002147",
      "fontFamily": "IBM Plex Mono",
      "fontSize": "clamp(1rem, (1.33vh + 0.58rem + 1vw + 0.5rem)/2 , 1.25rem)",
      "fontWeight": "700",
      "lineHeight": 1.6,
    },
    "htmlFontSize": 16,
    "inherit": Object {
      "fontFamily": "inherit",
      "fontSize": "inherit",
      "fontWeight": "inherit",
      "letterSpacing": "inherit",
      "lineHeight": "inherit",
    },
    "overline": Object {
      "fontFamily": "Inter",
      "fontSize": "clamp(0.5rem, (1.33vh + 0.08rem + 1vw + 0rem)/2 , 0.75rem)",
      "fontWeight": "400",
      "lineHeight": 2.66,
      "textTransform": "uppercase",
    },
    "pxToRem": [Function],
    "subtitle1": Object {
      "color": "#265EA7",
      "fontFamily": "Inter",
      "fontSize": "clamp(0.75rem, (1.33vh + 0.33rem + 1vw + 0.25rem)/2 , 1rem)",
      "fontWeight": "500",
      "lineHeight": 1.75,
    },
    "subtitle2": Object {
      "color": "#265EA7",
      "fontFamily": "Inter",
      "fontSize": "clamp(0.5rem, (2vh + -0.12rem + 1.5vw + -0.25rem)/2 , 0.875rem)",
      "fontWeight": "500",
      "lineHeight": 1.57,
    },
  },
  "unstable_sx": [Function],
  "unstable_sxConfig": Object {
    "alignContent": Object {},
    "alignItems": Object {},
    "alignSelf": Object {},
    "backgroundColor": Object {
      "themeKey": "palette",
      "transform": [Function],
    },
    "bgcolor": Object {
      "cssProperty": "backgroundColor",
      "themeKey": "palette",
      "transform": [Function],
    },
    "border": Object {
      "themeKey": "borders",
      "transform": [Function],
    },
    "borderBottom": Object {
      "themeKey": "borders",
      "transform": [Function],
    },
    "borderBottomColor": Object {
      "themeKey": "palette",
    },
    "borderColor": Object {
      "themeKey": "palette",
    },
    "borderLeft": Object {
      "themeKey": "borders",
      "transform": [Function],
    },
    "borderLeftColor": Object {
      "themeKey": "palette",
    },
    "borderRadius": Object {
      "style": [Function],
      "themeKey": "shape.borderRadius",
    },
    "borderRight": Object {
      "themeKey": "borders",
      "transform": [Function],
    },
    "borderRightColor": Object {
      "themeKey": "palette",
    },
    "borderTop": Object {
      "themeKey": "borders",
      "transform": [Function],
    },
    "borderTopColor": Object {
      "themeKey": "palette",
    },
    "bottom": Object {},
    "boxShadow": Object {
      "themeKey": "shadows",
    },
    "boxSizing": Object {},
    "color": Object {
      "themeKey": "palette",
      "transform": [Function],
    },
    "columnGap": Object {
      "style": [Function],
    },
    "display": Object {},
    "displayPrint": Object {
      "cssProperty": false,
      "transform": [Function],
    },
    "flex": Object {},
    "flexBasis": Object {},
    "flexDirection": Object {},
    "flexGrow": Object {},
    "flexShrink": Object {},
    "flexWrap": Object {},
    "fontFamily": Object {
      "themeKey": "typography",
    },
    "fontSize": Object {
      "themeKey": "typography",
    },
    "fontStyle": Object {
      "themeKey": "typography",
    },
    "fontWeight": Object {
      "themeKey": "typography",
    },
    "gap": Object {
      "style": [Function],
    },
    "gridArea": Object {},
    "gridAutoColumns": Object {},
    "gridAutoFlow": Object {},
    "gridAutoRows": Object {},
    "gridColumn": Object {},
    "gridRow": Object {},
    "gridTemplateAreas": Object {},
    "gridTemplateColumns": Object {},
    "gridTemplateRows": Object {},
    "height": Object {
      "transform": [Function],
    },
    "justifyContent": Object {},
    "justifyItems": Object {},
    "justifySelf": Object {},
    "left": Object {},
    "letterSpacing": Object {},
    "lineHeight": Object {},
    "m": Object {
      "style": [Function],
    },
    "margin": Object {
      "style": [Function],
    },
    "marginBlock": Object {
      "style": [Function],
    },
    "marginBlockEnd": Object {
      "style": [Function],
    },
    "marginBlockStart": Object {
      "style": [Function],
    },
    "marginBottom": Object {
      "style": [Function],
    },
    "marginInline": Object {
      "style": [Function],
    },
    "marginInlineEnd": Object {
      "style": [Function],
    },
    "marginInlineStart": Object {
      "style": [Function],
    },
    "marginLeft": Object {
      "style": [Function],
    },
    "marginRight": Object {
      "style": [Function],
    },
    "marginTop": Object {
      "style": [Function],
    },
    "marginX": Object {
      "style": [Function],
    },
    "marginY": Object {
      "style": [Function],
    },
    "maxHeight": Object {
      "transform": [Function],
    },
    "maxWidth": Object {
      "style": [Function],
    },
    "mb": Object {
      "style": [Function],
    },
    "minHeight": Object {
      "transform": [Function],
    },
    "minWidth": Object {
      "transform": [Function],
    },
    "ml": Object {
      "style": [Function],
    },
    "mr": Object {
      "style": [Function],
    },
    "mt": Object {
      "style": [Function],
    },
    "mx": Object {
      "style": [Function],
    },
    "my": Object {
      "style": [Function],
    },
    "order": Object {},
    "outline": Object {
      "themeKey": "borders",
      "transform": [Function],
    },
    "outlineColor": Object {
      "themeKey": "palette",
    },
    "overflow": Object {},
    "p": Object {
      "style": [Function],
    },
    "padding": Object {
      "style": [Function],
    },
    "paddingBlock": Object {
      "style": [Function],
    },
    "paddingBlockEnd": Object {
      "style": [Function],
    },
    "paddingBlockStart": Object {
      "style": [Function],
    },
    "paddingBottom": Object {
      "style": [Function],
    },
    "paddingInline": Object {
      "style": [Function],
    },
    "paddingInlineEnd": Object {
      "style": [Function],
    },
    "paddingInlineStart": Object {
      "style": [Function],
    },
    "paddingLeft": Object {
      "style": [Function],
    },
    "paddingRight": Object {
      "style": [Function],
    },
    "paddingTop": Object {
      "style": [Function],
    },
    "paddingX": Object {
      "style": [Function],
    },
    "paddingY": Object {
      "style": [Function],
    },
    "pb": Object {
      "style": [Function],
    },
    "pl": Object {
      "style": [Function],
    },
    "position": Object {},
    "pr": Object {
      "style": [Function],
    },
    "pt": Object {
      "style": [Function],
    },
    "px": Object {
      "style": [Function],
    },
    "py": Object {
      "style": [Function],
    },
    "right": Object {},
    "rowGap": Object {
      "style": [Function],
    },
    "textAlign": Object {},
    "textOverflow": Object {},
    "textTransform": Object {},
    "top": Object {},
    "typography": Object {
      "cssProperty": false,
      "themeKey": "typography",
    },
    "visibility": Object {},
    "whiteSpace": Object {},
    "width": Object {
      "transform": [Function],
    },
    "zIndex": Object {
      "themeKey": "zIndex",
    },
  },
  "zIndex": Object {
    "appBar": 1100,
    "drawer": 1200,
    "fab": 1050,
    "mobileStepper": 1000,
    "modal": 1300,
    "snackbar": 1400,
    "speedDial": 1050,
    "tooltip": 1500,
  },
}
`;
