// Jest Snapshot v1, https://goo.gl/fbAQLP

exports[`HeaderTitle should render header component with provided title 1`] = `
<h2
  class="MuiTypography-root MuiTypography-h2 css-ca93eg-MuiTypography-root"
  data-testid="header-title"
>
  Header title
</h2>
`;
