// Jest Snapshot v1, https://goo.gl/fbAQLP

exports[`AppSidebar render tests renders correctly 1`] = `
<div
  class="MuiBox-root css-8aaikx"
  data-testid="app-sidebar-container-579896ed-8a99-4a1e-8dc4-e4236d7b06df"
>
  <a
    class="css-5mjdi8"
    data-testid="app-sidebar-directory-link-579896ed-8a99-4a1e-8dc4-e4236d7b06df"
    href="#/modeldirectory"
  >
    <div
      class="MuiBox-root css-1n6ok9e"
    >
      <svg
        aria-hidden="true"
        class="MuiSvgIcon-root MuiSvgIcon-fontSizeMedium css-etbowg-MuiSvgIcon-root"
        data-testid="app-sidebar-directory-icon-579896ed-8a99-4a1e-8dc4-e4236d7b06df"
        focusable="false"
        viewBox="0 0 24 24"
      >
        <path
          d="m9.17 6 2 2H20v10H4V6h5.17M10 4H4c-1.1 0-1.99.9-1.99 2L2 18c0 1.1.9 2 2 2h16c1.1 0 2-.9 2-2V8c0-1.1-.9-2-2-2h-8l-2-2z"
        />
      </svg>
    </div>
    <span
      class="MuiTypography-root MuiTypography-caption css-1vghao7-MuiTypography-root"
    >
      Directory
    </span>
  </a>
  <a
    class="css-5mjdi8"
    data-testid="app-sidebar-settings-link-579896ed-8a99-4a1e-8dc4-e4236d7b06df"
    href="#/settings"
  >
    <div
      class="MuiBox-root css-1n6ok9e"
    >
      <svg
        aria-hidden="true"
        class="MuiSvgIcon-root MuiSvgIcon-fontSizeMedium css-etbowg-MuiSvgIcon-root"
        data-testid="app-sidebar-settings-icon-579896ed-8a99-4a1e-8dc4-e4236d7b06df"
        focusable="false"
        viewBox="0 0 24 24"
      >
        <path
          d="M19.14 12.94c.04-.3.06-.61.06-.94 0-.32-.02-.64-.07-.94l2.03-1.58c.18-.14.23-.41.12-.61l-1.92-3.32c-.12-.22-.37-.29-.59-.22l-2.39.96c-.5-.38-1.03-.7-1.62-.94l-.36-2.54c-.04-.24-.24-.41-.48-.41h-3.84c-.24 0-.43.17-.47.41l-.36 2.54c-.59.24-1.13.57-1.62.94l-2.39-.96c-.22-.08-.47 0-.59.22L2.74 8.87c-.12.21-.08.47.12.61l2.03 1.58c-.05.3-.09.63-.09.94s.02.64.07.94l-2.03 1.58c-.18.14-.23.41-.12.61l1.92 3.32c.12.22.37.29.59.22l2.39-.96c.5.38 1.03.7 1.62.94l.36 2.54c.05.24.24.41.48.41h3.84c.24 0 .44-.17.47-.41l.36-2.54c.59-.24 1.13-.56 1.62-.94l2.39.96c.22.08.47 0 .59-.22l1.92-3.32c.12-.22.07-.47-.12-.61l-2.01-1.58zM12 15.6c-1.98 0-3.6-1.62-3.6-3.6s1.62-3.6 3.6-3.6 3.6 1.62 3.6 3.6-1.62 3.6-3.6 3.6z"
        />
      </svg>
    </div>
    <span
      class="MuiTypography-root MuiTypography-caption css-1vghao7-MuiTypography-root"
    >
      Settings
    </span>
  </a>
</div>
`;
