// Jest Snapshot v1, https://goo.gl/fbAQLP

exports[`applicationTheme should return the Dark theme 1`] = `[Function]`;

exports[`applicationTheme should return the Light theme 1`] = `[Function]`;
