// Jest Snapshot v1, https://goo.gl/fbAQLP

exports[`MarkdownPropertyField should render with provided markdown 1`] = `
<div
  data-testid="markdown-details"
>
  <span>
    foo
  </span>
  <span>
    <span
      class="MuiTypography-root MuiTypography-body1 css-swfwp-MuiTypography-root"
      data-testid="markdown-property-field-text-0af822fc-07e3-4032-8276-d7ebf6dc4631"
    >
      <span>
        # Header

This is a paragraph with **bold** and *italic* text.

- item 1
- item 2
      </span>
    </span>
  </span>
</div>
`;
