// Jest Snapshot v1, https://goo.gl/fbAQLP

exports[`occupationToSkillRelationToCSVTransform should correctly transform occupationToSkillRelation data to CSV 1`] = `
[
  {
    "OCCUPATIONID": "000000000000000000000001",
    "OCCUPATIONTYPE": "ESCO",
    "RELATIONTYPE": "optional",
    "SKILLID": "000000000000000000000002",
  },
  {
    "OCCUPATIONID": "000000000000000000000004",
    "OCCUPATIONTYPE": "LOCAL",
    "RELATIONTYPE": "essential",
    "SKILLID": "000000000000000000000005",
  },
  {
    "OCCUPATIONID": "000000000000000000000007",
    "OCCUPATIONTYPE": "LOCALIZED",
    "RELATIONTYPE": "optional",
    "SKILLID": "000000000000000000000008",
  },
  {
    "OCCUPATIONID": "00000000000000000000000a",
    "OCCUPATIONTYPE": "ESCO",
    "RELATIONTYPE": "essential",
    "SKILLID": "00000000000000000000000b",
  },
  {
    "OCCUPATIONID": "00000000000000000000000d",
    "OCCUPATIONTYPE": "LOCAL",
    "RELATIONTYPE": "optional",
    "SKILLID": "00000000000000000000000e",
  },
  {
    "OCCUPATIONID": "000000000000000000000010",
    "OCCUPATIONTYPE": "LOCALIZED",
    "RELATIONTYPE": "essential",
    "SKILLID": "000000000000000000000011",
  },
]
`;

exports[`occupationToSkillRelationToCSVTransform should correctly transform occupationToSkillRelation data to CSV 2`] = `
"OCCUPATIONTYPE,OCCUPATIONID,RELATIONTYPE,SKILLID
ESCO,000000000000000000000001,optional,000000000000000000000002
LOCAL,000000000000000000000004,essential,000000000000000000000005
LOCALIZED,000000000000000000000007,optional,000000000000000000000008
ESCO,00000000000000000000000a,essential,00000000000000000000000b
LOCAL,00000000000000000000000d,optional,00000000000000000000000e
LOCALIZED,000000000000000000000010,essential,000000000000000000000011
"
`;
