// Jest Snapshot v1, https://goo.gl/fbAQLP

exports[`ApproveModal should render component correctly 1`] = `
<div
  class="MuiDialog-root MuiModal-root css-zw3mfo-MuiModal-root-MuiDialog-root"
  data-testid="approve-model-edc0ac15-67a7-4c1f-9934-94fa65757046"
  role="presentation"
>
  <div
    aria-hidden="true"
    class="MuiBackdrop-root MuiModal-backdrop css-yiavyu-MuiBackdrop-root-MuiDialog-backdrop"
    style="opacity: 1; webkit-transition: opacity 225ms cubic-bezier(0.4, 0, 0.2, 1) 0ms; transition: opacity 225ms cubic-bezier(0.4, 0, 0.2, 1) 0ms;"
  />
  <div
    data-testid="sentinelStart"
    tabindex="0"
  />
  <div
    class="MuiDialog-container MuiDialog-scrollPaper css-hz1bth-MuiDialog-container"
    role="presentation"
    style="opacity: 1; webkit-transition: opacity 225ms cubic-bezier(0.4, 0, 0.2, 1) 0ms; transition: opacity 225ms cubic-bezier(0.4, 0, 0.2, 1) 0ms;"
    tabindex="-1"
  >
    <div
      aria-labelledby="approve-model"
      class="MuiPaper-root MuiPaper-elevation MuiPaper-rounded MuiPaper-elevation24 MuiDialog-paper MuiDialog-paperScrollPaper MuiDialog-paperWidthSm css-1tsvg93-MuiPaper-root-MuiDialog-paper"
      role="dialog"
    >
      <h2
        class="MuiTypography-root MuiTypography-h2 MuiDialogTitle-root css-pvqrlz-MuiTypography-root-MuiDialogTitle-root"
        data-testid="approve-model-title-edc0ac15-67a7-4c1f-9934-94fa65757046"
        id="approve-model-title"
      >
        Sample Title?
      </h2>
      <div
        class="MuiDialogContent-root css-1qs5egk-MuiDialogContent-root"
        data-testid="approve-model-content-edc0ac15-67a7-4c1f-9934-94fa65757046"
      >
        This is a sample body text for the ApproveModal component.
        <br />
        <br />
        Please confirm your action.
      </div>
      <div
        class="MuiDialogActions-root MuiDialogActions-spacing css-knqc4i-MuiDialogActions-root"
      >
        <button
          class="MuiButtonBase-root MuiButton-root MuiButton-outlined MuiButton-outlinedPrimary MuiButton-sizeMedium MuiButton-outlinedSizeMedium MuiButton-colorPrimary MuiButton-disableElevation MuiButton-root MuiButton-outlined MuiButton-outlinedPrimary MuiButton-sizeMedium MuiButton-outlinedSizeMedium MuiButton-colorPrimary MuiButton-disableElevation css-140m69p-MuiButtonBase-root-MuiButton-root"
          data-testid="approve-model-cancel-edc0ac15-67a7-4c1f-9934-94fa65757046"
          tabindex="0"
          type="button"
        >
          Cancel
          <span
            class="MuiTouchRipple-root css-8je8zh-MuiTouchRipple-root"
          />
        </button>
        <button
          class="MuiButtonBase-root MuiButton-root MuiButton-contained MuiButton-containedPrimary MuiButton-sizeMedium MuiButton-containedSizeMedium MuiButton-colorPrimary MuiButton-disableElevation MuiButton-root MuiButton-contained MuiButton-containedPrimary MuiButton-sizeMedium MuiButton-containedSizeMedium MuiButton-colorPrimary MuiButton-disableElevation css-fwypri-MuiButtonBase-root-MuiButton-root"
          data-testid="approve-model-confirm-edc0ac15-67a7-4c1f-9934-94fa65757046"
          tabindex="0"
          type="button"
        >
          Confirm
          <span
            class="MuiTouchRipple-root css-8je8zh-MuiTouchRipple-root"
          />
        </button>
      </div>
    </div>
  </div>
  <div
    data-testid="sentinelEnd"
    tabindex="0"
  />
</div>
`;
