// Jest Snapshot v1, https://goo.gl/fbAQLP

exports[`occupationHierarchyToCSVTransform should correctly transform occupationHierarchy data to CSV 1`] = `
[
  {
    "CHILDID": "000000000000000000000002",
    "CHILDOBJECTTYPE": "escooccupation",
    "CREATEDAT": "1970-01-01T00:00:00.000Z",
    "PARENTID": "000000000000000000000001",
    "PARENTOBJECTTYPE": "iscogroup",
    "UPDATEDAT": "1970-01-01T00:00:00.000Z",
  },
  {
    "CHILDID": "000000000000000000000005",
    "CHILDOBJECTTYPE": "localoccupation",
    "CREATEDAT": "1970-01-01T00:00:00.001Z",
    "PARENTID": "000000000000000000000004",
    "PARENTOBJECTTYPE": "escooccupation",
    "UPDATEDAT": "1970-01-01T00:00:00.001Z",
  },
  {
    "CHILDID": "000000000000000000000008",
    "CHILDOBJECTTYPE": "escooccupation",
    "CREATEDAT": "1970-01-01T00:00:00.002Z",
    "PARENTID": "000000000000000000000007",
    "PARENTOBJECTTYPE": "iscogroup",
    "UPDATEDAT": "1970-01-01T00:00:00.002Z",
  },
  {
    "CHILDID": "00000000000000000000000b",
    "CHILDOBJECTTYPE": "localoccupation",
    "CREATEDAT": "1970-01-01T00:00:00.003Z",
    "PARENTID": "00000000000000000000000a",
    "PARENTOBJECTTYPE": "escooccupation",
    "UPDATEDAT": "1970-01-01T00:00:00.003Z",
  },
  {
    "CHILDID": "00000000000000000000000e",
    "CHILDOBJECTTYPE": "escooccupation",
    "CREATEDAT": "1970-01-01T00:00:00.004Z",
    "PARENTID": "00000000000000000000000d",
    "PARENTOBJECTTYPE": "iscogroup",
    "UPDATEDAT": "1970-01-01T00:00:00.004Z",
  },
  {
    "CHILDID": "000000000000000000000011",
    "CHILDOBJECTTYPE": "localoccupation",
    "CREATEDAT": "1970-01-01T00:00:00.005Z",
    "PARENTID": "000000000000000000000010",
    "PARENTOBJECTTYPE": "escooccupation",
    "UPDATEDAT": "1970-01-01T00:00:00.005Z",
  },
]
`;

exports[`occupationHierarchyToCSVTransform should correctly transform occupationHierarchy data to CSV 2`] = `
"PARENTOBJECTTYPE,PARENTID,CHILDID,CHILDOBJECTTYPE,CREATEDAT,UPDATEDAT
iscogroup,000000000000000000000001,000000000000000000000002,escooccupation,1970-01-01T00:00:00.000Z,1970-01-01T00:00:00.000Z
escooccupation,000000000000000000000004,000000000000000000000005,localoccupation,1970-01-01T00:00:00.001Z,1970-01-01T00:00:00.001Z
iscogroup,000000000000000000000007,000000000000000000000008,escooccupation,1970-01-01T00:00:00.002Z,1970-01-01T00:00:00.002Z
escooccupation,00000000000000000000000a,00000000000000000000000b,localoccupation,1970-01-01T00:00:00.003Z,1970-01-01T00:00:00.003Z
iscogroup,00000000000000000000000d,00000000000000000000000e,escooccupation,1970-01-01T00:00:00.004Z,1970-01-01T00:00:00.004Z
escooccupation,000000000000000000000010,000000000000000000000011,localoccupation,1970-01-01T00:00:00.005Z,1970-01-01T00:00:00.005Z
"
`;

exports[`occupationHierarchyToCSVTransform test transformOccupationHierarchySpecToCSVRow() should transform a OccupationHierarchy to a CSV row 1`] = `
{
  "CHILDID": "000000000000000000000002",
  "CHILDOBJECTTYPE": "escooccupation",
  "CREATEDAT": "1970-01-01T00:00:00.000Z",
  "PARENTID": "000000000000000000000001",
  "PARENTOBJECTTYPE": "iscogroup",
  "UPDATEDAT": "1970-01-01T00:00:00.000Z",
}
`;
